================================================================================
AdvecDriver1D - Log de Execução
Data e Hora: 2025-07-01 15:50:06
================================================================================

1. Informações de Discretização Espacial
---------------------------------------------------------------------------
Dimensão espacial: 1
Ordem de interpolação polinomial, N: 2
Número de elementos, K: 8
Vértices, VX: [ 0.      1.5708  3.1416  4.7124  6.2832  7.854   9.4248 10.9956 12.5664]
Número de vértices: 9
EToV:
[[0 1]
 [1 2]
 [2 3]
 [3 4]
 [4 5]
 [5 6]
 [6 7]
 [7 8]]

2. Inicialização - StartUp1D
---------------------------------------------------------------------------
Pontos de colocação (LGL): [-1.  0.  1.]

Coordenadas nodais x:
[[ 0.      1.5708  3.1416  4.7124  6.2832  7.854   9.4248 10.9956]
 [ 0.7854  2.3562  3.927   5.4978  7.0686  8.6394 10.2102 11.781 ]
 [ 1.5708  3.1416  4.7124  6.2832  7.854   9.4248 10.9956 12.5664]]

Jacobiano:
[[0.7854 0.7854 0.7854 0.7854 0.7854 0.7854 0.7854 0.7854]
 [0.7854 0.7854 0.7854 0.7854 0.7854 0.7854 0.7854 0.7854]
 [0.7854 0.7854 0.7854 0.7854 0.7854 0.7854 0.7854 0.7854]]

Jacobiano inverso rx:
[[1.2732 1.2732 1.2732 1.2732 1.2732 1.2732 1.2732 1.2732]
 [1.2732 1.2732 1.2732 1.2732 1.2732 1.2732 1.2732 1.2732]
 [1.2732 1.2732 1.2732 1.2732 1.2732 1.2732 1.2732 1.2732]]

Mapas de conectividade:
  vmapM: [ 0  2  3  5  6  8  9 11 12 14 15 17 18 20 21 23]
  vmapP: [23  3  2  6  5  9  8 12 11 15 14 18 17 21 20  0]
  vmapB: [ 0 23]
   mapB: [ 0 15]

Normais nas interfaces nx:
[[-1. -1. -1. -1. -1. -1. -1. -1.]
 [ 1.  1.  1.  1.  1.  1.  1.  1.]]

3. Informações do Driver
---------------------------------------------------------------------------
Tipo de fluxo: Upwind
Velocidade de advecção, a: 6.283185307179586
Número de Courant-Friedrichs-Lewy, CFL: 0.75
Passo de tempo, dt: 4.6729e-02
Tempo final, FinalTime: 1.0000e+01
Condição de contorno: {'LEFT': 'PEC', 'RIGHT': 'PEC'}

DG Solution u_h @ t = 10.00
---------------------------
     D1     D2      D3      D4      D5     D6      D7      D8
-0.0534 0.9700  0.0534 -0.9700 -0.0534 0.9700  0.0534 -0.9700
 0.6476 0.6543 -0.6476 -0.6543  0.6476 0.6543 -0.6476 -0.6543
 0.9258 0.0200 -0.9258 -0.0200  0.9258 0.0200 -0.9258 -0.0200

Solução Analítica u_a @ t = 10.00
---------------------------------
    D1      D2      D3      D4     D5     D6      D7      D8
0.0000  1.0000 -0.0000 -1.0000 0.0000 1.0000  0.0000 -1.0000
0.7071  0.7071 -0.7071 -0.7071 0.7071 0.7071 -0.7071 -0.7071
1.0000 -0.0000 -1.0000  0.0000 1.0000 0.0000 -1.0000  0.0000

🌐 Correlação entre solução analítica e numérica: 0.71
================================================================================