================================================================================
AdvecDriver1D - Log de Execução
Data e Hora: 2025-07-01 15:54:50
================================================================================

1. Informações de Discretização Espacial
---------------------------------------------------------------------------
Dimensão espacial: 1
Ordem de interpolação polinomial, N: 4
Número de elementos, K: 20
Vértices, VX: [ 0.  2.  4.  6.  8. 10. 12. 14. 16. 18. 20. 22. 24. 26. 28. 30. 32. 34.
 36. 38. 40.]
Número de vértices: 21
EToV:
[[ 0  1]
 [ 1  2]
 [ 2  3]
 [ 3  4]
 [ 4  5]
 [ 5  6]
 [ 6  7]
 [ 7  8]
 [ 8  9]
 [ 9 10]
 [10 11]
 [11 12]
 [12 13]
 [13 14]
 [14 15]
 [15 16]
 [16 17]
 [17 18]
 [18 19]
 [19 20]]

2. Inicialização - StartUp1D
---------------------------------------------------------------------------
Pontos de colocação (LGL): [-1.     -0.6547  0.      0.6547  1.    ]

Coordenadas nodais x:
[[ 0.      2.      4.      6.      8.     10.     12.     14.     16.
  18.     20.     22.     24.     26.     28.     30.     32.     34.
  36.     38.    ]
 [ 0.3453  2.3453  4.3453  6.3453  8.3453 10.3453 12.3453 14.3453 16.3453
  18.3453 20.3453 22.3453 24.3453 26.3453 28.3453 30.3453 32.3453 34.3453
  36.3453 38.3453]
 [ 1.      3.      5.      7.      9.     11.     13.     15.     17.
  19.     21.     23.     25.     27.     29.     31.     33.     35.
  37.     39.    ]
 [ 1.6547  3.6547  5.6547  7.6547  9.6547 11.6547 13.6547 15.6547 17.6547
  19.6547 21.6547 23.6547 25.6547 27.6547 29.6547 31.6547 33.6547 35.6547
  37.6547 39.6547]
 [ 2.      4.      6.      8.     10.     12.     14.     16.     18.
  20.     22.     24.     26.     28.     30.     32.     34.     36.
  38.     40.    ]]

Jacobiano:
[[1. 1. 1. 1. 1. 1. 1. 1. 1. 1. 1. 1. 1. 1. 1. 1. 1. 1. 1. 1.]
 [1. 1. 1. 1. 1. 1. 1. 1. 1. 1. 1. 1. 1. 1. 1. 1. 1. 1. 1. 1.]
 [1. 1. 1. 1. 1. 1. 1. 1. 1. 1. 1. 1. 1. 1. 1. 1. 1. 1. 1. 1.]
 [1. 1. 1. 1. 1. 1. 1. 1. 1. 1. 1. 1. 1. 1. 1. 1. 1. 1. 1. 1.]
 [1. 1. 1. 1. 1. 1. 1. 1. 1. 1. 1. 1. 1. 1. 1. 1. 1. 1. 1. 1.]]

Jacobiano inverso rx:
[[1. 1. 1. 1. 1. 1. 1. 1. 1. 1. 1. 1. 1. 1. 1. 1. 1. 1. 1. 1.]
 [1. 1. 1. 1. 1. 1. 1. 1. 1. 1. 1. 1. 1. 1. 1. 1. 1. 1. 1. 1.]
 [1. 1. 1. 1. 1. 1. 1. 1. 1. 1. 1. 1. 1. 1. 1. 1. 1. 1. 1. 1.]
 [1. 1. 1. 1. 1. 1. 1. 1. 1. 1. 1. 1. 1. 1. 1. 1. 1. 1. 1. 1.]
 [1. 1. 1. 1. 1. 1. 1. 1. 1. 1. 1. 1. 1. 1. 1. 1. 1. 1. 1. 1.]]

Mapas de conectividade:
  vmapM: [ 0  4  5  9 10 14 15 19 20 24 25 29 30 34 35 39 40 44 45 49 50 54 55 59
 60 64 65 69 70 74 75 79 80 84 85 89 90 94 95 99]
  vmapP: [99  5  4 10  9 15 14 20 19 25 24 30 29 35 34 40 39 45 44 50 49 55 54 60
 59 65 64 70 69 75 74 80 79 85 84 90 89 95 94  0]
  vmapB: [ 0 99]
   mapB: [ 0 39]

Normais nas interfaces nx:
[[-1. -1. -1. -1. -1. -1. -1. -1. -1. -1. -1. -1. -1. -1. -1. -1. -1. -1.
  -1. -1.]
 [ 1.  1.  1.  1.  1.  1.  1.  1.  1.  1.  1.  1.  1.  1.  1.  1.  1.  1.
   1.  1.]]

3. Informações do Driver
---------------------------------------------------------------------------
Tipo de fluxo: Upwind
Velocidade de advecção, a: 2.0
Número de Courant-Friedrichs-Lewy, CFL: 0.75
Passo de tempo, dt: 2.0576e-02
Tempo final, FinalTime: 5.0000e+00
Condição de contorno: {'LEFT': 'PEC', 'RIGHT': 'PEC'}

DG Solution u_h @ t = 5.00
--------------------------
     D1      D2      D3      D4      D5      D6      D7      D8      D9     D10     D11     D12     D13     D14    D15    D16     D17     D18     D19     D20
 0.0016 -0.0005  0.0002 -0.0000  0.0000 -0.0000  0.0000  0.0000 -0.0000 -0.0000 -0.0000 -0.0003 -0.0021 -0.0099 0.5337 0.9677  0.4876  0.0441 -0.0210 -0.0010
-0.0006  0.0001 -0.0000  0.0000 -0.0000  0.0000 -0.0000  0.0000  0.0000  0.0000  0.0000  0.0002  0.0031  0.0241 0.9565 1.0098  0.0474 -0.0372 -0.0063  0.0030
 0.0001  0.0000 -0.0000 -0.0000  0.0000 -0.0000  0.0000 -0.0000  0.0000  0.0000 -0.0000 -0.0004 -0.0071 -0.0693 1.0888 1.0682 -0.0878  0.0026  0.0060 -0.0012
 0.0001 -0.0000  0.0000 -0.0000 -0.0000  0.0000 -0.0000  0.0000 -0.0000 -0.0000 -0.0000  0.0002  0.0060  0.2119 0.9295 0.7760  0.0693  0.0115 -0.0049  0.0005
-0.0004  0.0001 -0.0000  0.0000 -0.0000  0.0000  0.0000 -0.0000 -0.0000 -0.0000  0.0000  0.0013  0.0191  0.5767 0.9500 0.4348  0.0327 -0.0141 -0.0014  0.0012

Solução Analítica u_a @ t = 5.00
--------------------------------
    D1     D2     D3     D4     D5     D6     D7     D8     D9    D10    D11    D12    D13    D14    D15    D16    D17    D18    D19    D20
0.0000 0.0000 0.0000 0.0000 0.0000 0.0000 0.0000 0.0000 0.0000 0.0000 0.0000 0.0000 0.0000 0.0000 1.0000 1.0000 0.0000 0.0000 0.0000 0.0000
0.0000 0.0000 0.0000 0.0000 0.0000 0.0000 0.0000 0.0000 0.0000 0.0000 0.0000 0.0000 0.0000 0.0000 1.0000 1.0000 0.0000 0.0000 0.0000 0.0000
0.0000 0.0000 0.0000 0.0000 0.0000 0.0000 0.0000 0.0000 0.0000 0.0000 0.0000 0.0000 0.0000 0.0000 1.0000 1.0000 0.0000 0.0000 0.0000 0.0000
0.0000 0.0000 0.0000 0.0000 0.0000 0.0000 0.0000 0.0000 0.0000 0.0000 0.0000 0.0000 0.0000 0.0000 1.0000 1.0000 0.0000 0.0000 0.0000 0.0000
0.0000 0.0000 0.0000 0.0000 0.0000 0.0000 0.0000 0.0000 0.0000 0.0000 0.0000 0.0000 0.0000 1.0000 1.0000 0.0000 0.0000 0.0000 0.0000 0.0000

🌐 Correlação entre solução analítica e numérica: 1.00
================================================================================